// Jest Snapshot v1, https://goo.gl/fbAQLP

exports[`ComicsScreen renders correctly 1`] = `
<RCTSafeAreaView
  emulateUnlessSupported={true}
  style={
    Array [
      Object {
        "backgroundColor": "#e0e0e0",
        "flexBasis": 0,
        "flexGrow": 1,
        "flexShrink": 1,
      },
    ]
  }
>
  <RCTScrollView
    ItemSeparatorComponent={
      Object {
        "$$typeof": Symbol(react.forward_ref),
        "attrs": Array [],
        "displayName": "Styled(View)",
        "inlineStyle": InlineStyle {
          "rules": Array [
            "
  height: ",
            "16",
            "px;
",
          ],
        },
        "render": [Function],
        "styledComponentId": "StyledNativeComponent",
        "target": [Function],
        "withComponent": [Function],
      }
    }
    contentContainerStyle={
      Object {
        "paddingVertical": 16,
      }
    }
    data={
      Array [
        Object {
          "img": "http://example.com/image.jpg",
          "num": 123,
          "title": "Comic title",
        },
      ]
    }
    disableVirtualization={false}
    getItem={[Function]}
    getItemCount={[Function]}
    horizontal={false}
    initialNumToRender={10}
    keyExtractor={[Function]}
    maxToRenderPerBatch={10}
    numColumns={1}
    onContentSizeChange={[Function]}
    onEndReached={[Function]}
    onEndReachedThreshold={0.5}
    onLayout={[Function]}
    onMomentumScrollEnd={[Function]}
    onRefresh={[Function]}
    onScroll={[Function]}
    onScrollBeginDrag={[Function]}
    onScrollEndDrag={[Function]}
    refreshControl={
      <RefreshControlMock
        onRefresh={[Function]}
        refreshing={false}
      />
    }
    refreshing={false}
    removeClippedSubviews={false}
    renderItem={[Function]}
    scrollEventThrottle={50}
    stickyHeaderIndices={Array []}
    style={
      Array [
        Object {
          "flexBasis": 0,
          "flexGrow": 1,
          "flexShrink": 1,
        },
      ]
    }
    updateCellsBatchingPeriod={50}
    viewabilityConfigCallbackPairs={Array []}
    windowSize={21}
  >
    <RCTRefreshControl />
    <View>
      <View
        onLayout={[Function]}
        style={null}
      >
        <View
          accessible={true}
          focusable={true}
          isTVSelectable={true}
          onClick={[Function]}
          onResponderGrant={[Function]}
          onResponderMove={[Function]}
          onResponderRelease={[Function]}
          onResponderTerminate={[Function]}
          onResponderTerminationRequest={[Function]}
          onStartShouldSetResponder={[Function]}
          style={
            Object {
              "alignItems": "center",
              "backgroundColor": "#fff",
              "borderRadius": 16,
              "flexDirection": "row",
              "height": 100,
              "marginHorizontal": 16,
              "opacity": 1,
              "paddingBottom": 16,
              "paddingLeft": 16,
              "paddingRight": 16,
              "paddingTop": 16,
            }
          }
        >
          <View
            style={
              Array [
                Object {
                  "flexDirection": "column",
                  "width": "30%",
                },
              ]
            }
          >
            <Image
              onLoadEnd={[Function]}
              onLoadStart={[Function]}
              resizeMode="contain"
              source={
                Object {
                  "uri": "http://example.com/image.jpg",
                }
              }
              style={
                Array [
                  Object {
                    "height": "100%",
                    "width": "100%",
                  },
                ]
              }
            />
            <View
              style={
                Array [
                  Object {
                    "aspectRatio": 1,
                  },
                  undefined,
                  Array [
                    Object {
                      "height": "100%",
                      "position": "absolute",
                      "width": "100%",
                    },
                  ],
                ]
              }
            >
              <View
                autoPlay={true}
                enableMergePathsAndroidForKitKatAndAbove={false}
                loop={true}
                onAnimationFinish={[Function]}
                progress={0}
                resizeMode="contain"
                sourceJson="{\\"v\\":\\"4.6.0\\",\\"fr\\":29.9700012207031,\\"ip\\":0,\\"op\\":49.0000019958109,\\"w\\":200,\\"h\\":200,\\"nm\\":\\"loading_ring_medium\\",\\"ddd\\":0,\\"assets\\":[],\\"layers\\":[{\\"ddd\\":0,\\"ind\\":1,\\"ty\\":4,\\"nm\\":\\"green ring 1\\",\\"ks\\":{\\"o\\":{\\"a\\":0,\\"k\\":100},\\"r\\":{\\"a\\":1,\\"k\\":[{\\"i\\":{\\"x\\":[0.833],\\"y\\":[0.833]},\\"o\\":{\\"x\\":[0.167],\\"y\\":[0.167]},\\"n\\":[\\"0p833_0p833_0p167_0p167\\"],\\"t\\":0,\\"s\\":[0],\\"e\\":[360]},{\\"t\\":49.0000019958109}]},\\"p\\":{\\"a\\":0,\\"k\\":[100,100,0]},\\"a\\":{\\"a\\":0,\\"k\\":[0,0,0]},\\"s\\":{\\"a\\":0,\\"k\\":[200,200,100]}},\\"ao\\":0,\\"shapes\\":[{\\"ty\\":\\"gr\\",\\"it\\":[{\\"d\\":1,\\"ty\\":\\"el\\",\\"s\\":{\\"a\\":0,\\"k\\":[54,54]},\\"p\\":{\\"a\\":0,\\"k\\":[0,0]},\\"nm\\":\\"Ellipse Path 1\\",\\"mn\\":\\"ADBE Vector Shape - Ellipse\\"},{\\"ty\\":\\"st\\",\\"c\\":{\\"a\\":0,\\"k\\":[0.2235294117647059,0.35294117647058826,1,1]},\\"o\\":{\\"a\\":0,\\"k\\":100},\\"w\\":{\\"a\\":0,\\"k\\":6},\\"lc\\":2,\\"lj\\":1,\\"ml\\":4,\\"nm\\":\\"Stroke 1\\",\\"mn\\":\\"ADBE Vector Graphic - Stroke\\"},{\\"ty\\":\\"tr\\",\\"p\\":{\\"a\\":0,\\"k\\":[0,0],\\"ix\\":2},\\"a\\":{\\"a\\":0,\\"k\\":[0,0],\\"ix\\":1},\\"s\\":{\\"a\\":0,\\"k\\":[100,100],\\"ix\\":3},\\"r\\":{\\"a\\":0,\\"k\\":0,\\"ix\\":6},\\"o\\":{\\"a\\":0,\\"k\\":100,\\"ix\\":7},\\"sk\\":{\\"a\\":0,\\"k\\":0,\\"ix\\":4},\\"sa\\":{\\"a\\":0,\\"k\\":0,\\"ix\\":5},\\"nm\\":\\"Transform\\"}],\\"nm\\":\\"Ellipse 1\\",\\"np\\":3,\\"mn\\":\\"ADBE Vector Group\\"},{\\"ty\\":\\"tm\\",\\"s\\":{\\"a\\":1,\\"k\\":[{\\"i\\":{\\"x\\":[0.667],\\"y\\":[1]},\\"o\\":{\\"x\\":[0.644],\\"y\\":[0]},\\"n\\":[\\"0p667_1_0p644_0\\"],\\"t\\":10,\\"s\\":[0],\\"e\\":[100]},{\\"t\\":50.0000020365418}],\\"ix\\":1},\\"e\\":{\\"a\\":1,\\"k\\":[{\\"i\\":{\\"x\\":[0.667],\\"y\\":[1]},\\"o\\":{\\"x\\":[0.333],\\"y\\":[0]},\\"n\\":[\\"0p667_1_0p333_0\\"],\\"t\\":-1,\\"s\\":[0],\\"e\\":[100]},{\\"t\\":37.0000015070409}],\\"ix\\":2},\\"o\\":{\\"a\\":0,\\"k\\":0,\\"ix\\":3},\\"m\\":1,\\"ix\\":2,\\"nm\\":\\"Trim Paths 1\\",\\"mn\\":\\"ADBE Vector Filter - Trim\\"}],\\"ip\\":0,\\"op\\":50.0000020365418,\\"st\\":-1.00000004073083,\\"bm\\":0,\\"sr\\":1},{\\"ddd\\":0,\\"ind\\":2,\\"ty\\":4,\\"nm\\":\\"flamingo ring 3\\",\\"parent\\":1,\\"ks\\":{\\"o\\":{\\"a\\":0,\\"k\\":100},\\"r\\":{\\"a\\":1,\\"k\\":[{\\"i\\":{\\"x\\":[0.785],\\"y\\":[1]},\\"o\\":{\\"x\\":[1],\\"y\\":[0]},\\"n\\":[\\"0p785_1_1_0\\"],\\"t\\":17,\\"s\\":[14.2],\\"e\\":[360]},{\\"t\\":50.0000020365418}]},\\"p\\":{\\"a\\":0,\\"k\\":[0,0,0]},\\"a\\":{\\"a\\":0,\\"k\\":[0,0,0]},\\"s\\":{\\"a\\":0,\\"k\\":[100,100,100]}},\\"ao\\":0,\\"shapes\\":[{\\"ty\\":\\"gr\\",\\"it\\":[{\\"d\\":1,\\"ty\\":\\"el\\",\\"s\\":{\\"a\\":0,\\"k\\":[54,54]},\\"p\\":{\\"a\\":0,\\"k\\":[0,0]},\\"nm\\":\\"Ellipse Path 1\\",\\"mn\\":\\"ADBE Vector Shape - Ellipse\\"},{\\"ty\\":\\"st\\",\\"c\\":{\\"a\\":0,\\"k\\":[0.08627450980392157,0.8196078431372549,0.9019607843137255,1]},\\"o\\":{\\"a\\":0,\\"k\\":100},\\"w\\":{\\"a\\":0,\\"k\\":6},\\"lc\\":2,\\"lj\\":1,\\"ml\\":4,\\"nm\\":\\"Stroke 1\\",\\"mn\\":\\"ADBE Vector Graphic - Stroke\\"},{\\"ty\\":\\"tr\\",\\"p\\":{\\"a\\":0,\\"k\\":[0,0],\\"ix\\":2},\\"a\\":{\\"a\\":0,\\"k\\":[0,0],\\"ix\\":1},\\"s\\":{\\"a\\":0,\\"k\\":[100,100],\\"ix\\":3},\\"r\\":{\\"a\\":0,\\"k\\":0,\\"ix\\":6},\\"o\\":{\\"a\\":0,\\"k\\":100,\\"ix\\":7},\\"sk\\":{\\"a\\":0,\\"k\\":0,\\"ix\\":4},\\"sa\\":{\\"a\\":0,\\"k\\":0,\\"ix\\":5},\\"nm\\":\\"Transform\\"}],\\"nm\\":\\"Ellipse 1\\",\\"np\\":3,\\"mn\\":\\"ADBE Vector Group\\"},{\\"ty\\":\\"tm\\",\\"s\\":{\\"a\\":1,\\"k\\":[{\\"i\\":{\\"x\\":[0.833],\\"y\\":[0.833]},\\"o\\":{\\"x\\":[0.167],\\"y\\":[0.167]},\\"n\\":[\\"0p833_0p833_0p167_0p167\\"],\\"t\\":42,\\"s\\":[0],\\"e\\":[1]},{\\"t\\":44.0000017921567}],\\"ix\\":1},\\"e\\":{\\"a\\":1,\\"k\\":[{\\"i\\":{\\"x\\":[0.833],\\"y\\":[1]},\\"o\\":{\\"x\\":[0.333],\\"y\\":[0]},\\"n\\":[\\"0p833_1_0p333_0\\"],\\"t\\":20,\\"s\\":[0],\\"e\\":[1]},{\\"t\\":44.0000017921567}],\\"ix\\":2},\\"o\\":{\\"a\\":0,\\"k\\":0,\\"ix\\":3},\\"m\\":1,\\"ix\\":2,\\"nm\\":\\"Trim Paths 1\\",\\"mn\\":\\"ADBE Vector Filter - Trim\\"}],\\"ip\\":17.0000006924242,\\"op\\":44.0000017921567,\\"st\\":-1.00000004073083,\\"bm\\":0,\\"sr\\":1},{\\"ddd\\":0,\\"ind\\":3,\\"ty\\":4,\\"nm\\":\\"flamingo ring 2\\",\\"parent\\":1,\\"ks\\":{\\"o\\":{\\"a\\":0,\\"k\\":100},\\"r\\":{\\"a\\":1,\\"k\\":[{\\"i\\":{\\"x\\":[0.612],\\"y\\":[1]},\\"o\\":{\\"x\\":[1],\\"y\\":[0]},\\"n\\":[\\"0p612_1_1_0\\"],\\"t\\":17,\\"s\\":[14.2],\\"e\\":[360]},{\\"t\\":50.0000020365418}]},\\"p\\":{\\"a\\":0,\\"k\\":[0,0,0]},\\"a\\":{\\"a\\":0,\\"k\\":[0,0,0]},\\"s\\":{\\"a\\":0,\\"k\\":[100,100,100]}},\\"ao\\":0,\\"shapes\\":[{\\"ty\\":\\"gr\\",\\"it\\":[{\\"d\\":1,\\"ty\\":\\"el\\",\\"s\\":{\\"a\\":0,\\"k\\":[54,54]},\\"p\\":{\\"a\\":0,\\"k\\":[0,0]},\\"nm\\":\\"Ellipse Path 1\\",\\"mn\\":\\"ADBE Vector Shape - Ellipse\\"},{\\"ty\\":\\"st\\",\\"c\\":{\\"a\\":0,\\"k\\":[0.08627450980392157,0.8196078431372549,0.9019607843137255,1]},\\"o\\":{\\"a\\":0,\\"k\\":100},\\"w\\":{\\"a\\":0,\\"k\\":6},\\"lc\\":2,\\"lj\\":1,\\"ml\\":4,\\"nm\\":\\"Stroke 1\\",\\"mn\\":\\"ADBE Vector Graphic - Stroke\\"},{\\"ty\\":\\"tr\\",\\"p\\":{\\"a\\":0,\\"k\\":[0,0],\\"ix\\":2},\\"a\\":{\\"a\\":0,\\"k\\":[0,0],\\"ix\\":1},\\"s\\":{\\"a\\":0,\\"k\\":[100,100],\\"ix\\":3},\\"r\\":{\\"a\\":0,\\"k\\":0,\\"ix\\":6},\\"o\\":{\\"a\\":0,\\"k\\":100,\\"ix\\":7},\\"sk\\":{\\"a\\":0,\\"k\\":0,\\"ix\\":4},\\"sa\\":{\\"a\\":0,\\"k\\":0,\\"ix\\":5},\\"nm\\":\\"Transform\\"}],\\"nm\\":\\"Ellipse 1\\",\\"np\\":3,\\"mn\\":\\"ADBE Vector Group\\"},{\\"ty\\":\\"tm\\",\\"s\\":{\\"a\\":1,\\"k\\":[{\\"i\\":{\\"x\\":[0.833],\\"y\\":[0.833]},\\"o\\":{\\"x\\":[0.167],\\"y\\":[0.167]},\\"n\\":[\\"0p833_0p833_0p167_0p167\\"],\\"t\\":42,\\"s\\":[0],\\"e\\":[13.7]},{\\"t\\":44.0000017921567}],\\"ix\\":1},\\"e\\":{\\"a\\":1,\\"k\\":[{\\"i\\":{\\"x\\":[0.833],\\"y\\":[1]},\\"o\\":{\\"x\\":[0.333],\\"y\\":[0]},\\"n\\":[\\"0p833_1_0p333_0\\"],\\"t\\":20,\\"s\\":[0],\\"e\\":[13.7]},{\\"t\\":44.0000017921567}],\\"ix\\":2},\\"o\\":{\\"a\\":0,\\"k\\":0,\\"ix\\":3},\\"m\\":1,\\"ix\\":2,\\"nm\\":\\"Trim Paths 1\\",\\"mn\\":\\"ADBE Vector Filter - Trim\\"}],\\"ip\\":17.0000006924242,\\"op\\":44.0000017921567,\\"st\\":-1.00000004073083,\\"bm\\":0,\\"sr\\":1},{\\"ddd\\":0,\\"ind\\":4,\\"ty\\":4,\\"nm\\":\\"flaming ring 1\\",\\"parent\\":1,\\"ks\\":{\\"o\\":{\\"a\\":0,\\"k\\":100},\\"r\\":{\\"a\\":0,\\"k\\":0},\\"p\\":{\\"a\\":0,\\"k\\":[0,0,0]},\\"a\\":{\\"a\\":0,\\"k\\":[0,0,0]},\\"s\\":{\\"a\\":0,\\"k\\":[100,100,100]}},\\"ao\\":0,\\"shapes\\":[{\\"ty\\":\\"gr\\",\\"it\\":[{\\"d\\":1,\\"ty\\":\\"el\\",\\"s\\":{\\"a\\":0,\\"k\\":[54,54]},\\"p\\":{\\"a\\":0,\\"k\\":[0,0]},\\"nm\\":\\"Ellipse Path 1\\",\\"mn\\":\\"ADBE Vector Shape - Ellipse\\"},{\\"ty\\":\\"st\\",\\"c\\":{\\"a\\":0,\\"k\\":[0.08627450980392157,0.8196078431372549,0.9019607843137255,1]},\\"o\\":{\\"a\\":0,\\"k\\":100},\\"w\\":{\\"a\\":0,\\"k\\":6},\\"lc\\":2,\\"lj\\":1,\\"ml\\":4,\\"nm\\":\\"Stroke 1\\",\\"mn\\":\\"ADBE Vector Graphic - Stroke\\"},{\\"ty\\":\\"tr\\",\\"p\\":{\\"a\\":0,\\"k\\":[0,0],\\"ix\\":2},\\"a\\":{\\"a\\":0,\\"k\\":[0,0],\\"ix\\":1},\\"s\\":{\\"a\\":0,\\"k\\":[100,100],\\"ix\\":3},\\"r\\":{\\"a\\":0,\\"k\\":0,\\"ix\\":6},\\"o\\":{\\"a\\":0,\\"k\\":100,\\"ix\\":7},\\"sk\\":{\\"a\\":0,\\"k\\":0,\\"ix\\":4},\\"sa\\":{\\"a\\":0,\\"k\\":0,\\"ix\\":5},\\"nm\\":\\"Transform\\"}],\\"nm\\":\\"Ellipse 1\\",\\"np\\":3,\\"mn\\":\\"ADBE Vector Group\\"},{\\"ty\\":\\"tm\\",\\"s\\":{\\"a\\":1,\\"k\\":[{\\"i\\":{\\"x\\":[0.667],\\"y\\":[1]},\\"o\\":{\\"x\\":[1],\\"y\\":[0]},\\"n\\":[\\"0p667_1_1_0\\"],\\"t\\":8,\\"s\\":[0],\\"e\\":[100]},{\\"t\\":48.0000019550801}],\\"ix\\":1},\\"e\\":{\\"a\\":1,\\"k\\":[{\\"i\\":{\\"x\\":[0.667],\\"y\\":[1]},\\"o\\":{\\"x\\":[1],\\"y\\":[0]},\\"n\\":[\\"0p667_1_1_0\\"],\\"t\\":-1,\\"s\\":[0],\\"e\\":[100]},{\\"t\\":37.0000015070409}],\\"ix\\":2},\\"o\\":{\\"a\\":0,\\"k\\":0,\\"ix\\":3},\\"m\\":1,\\"ix\\":2,\\"nm\\":\\"Trim Paths 1\\",\\"mn\\":\\"ADBE Vector Filter - Trim\\"}],\\"ip\\":44.0000017921567,\\"op\\":44.0000017921567,\\"st\\":-1.00000004073083,\\"bm\\":0,\\"sr\\":1,\\"hidden\\":15.0000006109625}]}"
                speed={1}
                style={
                  Object {
                    "aspectRatio": 1,
                    "height": "100%",
                    "position": "absolute",
                    "width": "100%",
                  }
                }
              />
            </View>
          </View>
          <Text
            ellipsizeMode="tail"
            numberOfLines={2}
            style={
              Array [
                Object {
                  "color": "#000",
                  "flexBasis": 0,
                  "flexGrow": 1,
                  "flexShrink": 1,
                  "fontSize": 26,
                  "marginLeft": 16,
                  "paddingBottom": 4,
                  "paddingLeft": 4,
                  "paddingRight": 4,
                  "paddingTop": 4,
                  "textAlign": "center",
                },
              ]
            }
          >
            Comic title
          </Text>
        </View>
      </View>
    </View>
  </RCTScrollView>
  <View
    style={
      Object {
        "alignItems": "center",
        "backgroundColor": "#a30b37",
        "borderRadius": 16,
        "bottom": 0,
        "elevation": 1,
        "height": 40,
        "justifyContent": "center",
        "position": "absolute",
        "transform": Array [
          Object {
            "translateY": 40,
          },
          Object {
            "scale": 1,
          },
        ],
        "width": "100%",
      }
    }
  >
    <Text
      ellipsizeMode="tail"
      numberOfLines={1}
      style={
        Array [
          Object {
            "color": "#fff",
            "fontSize": 18,
          },
        ]
      }
    >
      Error.NoNetwork
    </Text>
  </View>
</RCTSafeAreaView>
`;
