// Jest Snapshot v1, https://goo.gl/fbAQLP

exports[`ComicDetailScreen renders correctly 1`] = `
<RCTSafeAreaView
  emulateUnlessSupported={true}
  style={
    Array [
      Object {
        "backgroundColor": "#fff",
        "flexBasis": 0,
        "flexGrow": 1,
        "flexShrink": 1,
      },
    ]
  }
>
  <Image
    resizeMode="contain"
    source={
      Object {
        "uri": "http://example.com/image.jpg",
      }
    }
    style={
      Array [
        Object {
          "flexBasis": 0,
          "flexGrow": 1,
          "flexShrink": 1,
        },
      ]
    }
  />
</RCTSafeAreaView>
`;
